[info]
fondo: image_lvl1.png
mapa: ......................................................mmmmmmmmmmmmmmmmmmmmmmmmmmmmmmmmmmmmmmmmmmmmmmmmmmmmmmmmmmmmmmmmmmmmmmmmmmmmmmmmmmmmmmmmmmmmmmmmmmmmmmmmmmmmmmmmmmmmmmmmmmmmmmmmmmmmmmmmmmmmmmmmmmmmmmmmmmmmmmmmmmmmmmmmmmmmmmmmmmmmmmmmmmmmmmmmmmmmmmmmmmmmmmmmmmmmmmmmmmmmmmmmmmmmmmmmmmmmmmmmmmmm......................................................................m
      .......................................................mmmmmmmmmmmmmmmmmmmmmmmmmmmmmmmmmmmmmmmmmmmmmmmmmmmmmmmmmm..........mmmmmmmmmmmmmmmmmmmmmmmmmmmmmmmmmmmmmmmmmmmmmmmmmmmmmmmmmmmmmmmmmmmmmmmmmmmmmmmmmmmmmmmmmmmmmmmmmmmmmmmmmmmmmmmmmmmmmmmmmmmmmmmmmmmmmmmmmmmmmmmmmmmmmmmmmmmmmmmmmmmmmmmmmmmmmm..................................................q....................m
      .....................................q..................mmmmmmmmmmmmmmmmmmmmmmmmmmmm........mmmmmmmmmmmmmmmmmmmmmmmmmmmmmmmmm...........mmmmmmmmmmmmmmmmmmmmmmmmmmmmmmmmmmmmmmmmmmm.........................................mmmmmmmmmmmmmmmmmmmmmmmmmmmmmmmmmmmmmmmmmmmmmmmmmmmmm........mmmmmmmmmmmmmmm..............q.............................e....#####......q...........m
      .................................##..##.....e............mmmmmmmmm...........mmmmmm.........mmmmmmmmmmmmmmmmmmmmmmm......mmmmmmmmmmmmmmmmmmmmmmmmmmmmmmmmmmmmmmmmmmmmmmmm..............................................................mmmmmmmmmmmmmmmmmmmmmmmmmmmmmmmmmmmmmmmmmmmmmmmmmmmmmmmmmmmmmmmm............######.........................#####............###..........m
      ......................e.......m...........###......q......mmmmmmmm.........mmmmmmm..........mmmmmmmmmmmmmmmmmmmmmm........mmmmmmmmmmmmmmmmmmmmmmmmmmmm...................................................................................................mmmmmmmmmmmmmmmmmmmmmmmmmmmmmmmmmmmmmmmmmmmmm........................e.............q...................................m
      .....................mmmmmmmmmm...................####......mmmmmm.......mmmmmmmmmmmmmm..mmmmmm.............mmmmm..........mmmmmmmmmm.........................................................q......................e.....................................................mmmmmmmmmmmmmmmmmmmmmmmmmm.......................#####.........#####.................................m
      ..................qmm........................................mmmmmmmmmmmmmmmm...................................................................................................e....mmmmmmmmmmmmmmmmmmmmmmmmmmmmmmmmmmmmmm.........................................................................................................................................p...........m
      ........e........mm......q..........................................................................................m..m...........................................q.......mmmmmmmmmmmmm........mmmmmmmmmmmmmmmm........mmmmmmm..mmmm.............e................................................................................#####..................#...sssssssssss.......m
      ........mmmmmmmmmm......msm.....##.....e...........................................................m....m..........mm..mm.......................q........mmmmmmmmmmmmmmm..mmmmmmmmmm..mmmmmmmmm.mmmmmmmmmmmmmmmmmm.mmmmmmmmmmmm..mmmmmmmmmmmmmmmmmmmmmm.............q..........................................................q...................e....#...mmmmmmmmmmmmmm......m
      ....j..................msmms..........###........................................e...............m.mm..m.....e....mmm..mmm........e.....mmmmmmmmmmmmmmmmmmmmmmmmmmmmmmmm..mmmmmmm..mmmmmmmmmmmmm..mmmmmmmmmmmmm..mmmmmmmmmmmmmm..mmmmmmmmmmmmmmmmmmmmmmmmmmmmmmmmmmmmmmm..............e.............q..............######....#####....q.........######..........................m
      ...p..................smsmsmm.....................e...............q...........mmmmmmm..mmmm..mmmmmmmm..mmmmmmmmmmmmmm..mmmmmmmmmmmmmmmmmmmmmmmmmmmmmmmmmmmmmmmmmmmmmmmmm..mmmmmmmmmmmmmmmmmmmmmmmm.............mmmmmmmmmmmmmmmm..mmmmmmmmmmmmmmmmmmmmmmmmmmmmmmmmmmmmmmmmmmmmmmmmmmmmmmmmssss...ssssssssss.......................########.......................................m
      ssssssssssssssssssssssmmsmmsmssss..ss....ssssssssssssssssssssss..sss...mmmmmmmmmmmmmm..mmmm..mmmmmmmm..mmmmmmmmmmmmmm..mmmmmmmmmmmmmmmmmmmmmmmmmmmmmmmmmmmmmmmmmmmmmmmmm..mmmmmmm..mmmmmmmmmmmmmmmmmmmmmmmmmmmmmmmmmmmmmmmmmmmm..mmmmmmmmmmmmmmmmmmmmmmmmmmmmmmmmmmmmmmmmmmmmmmmmmmmmmsssssss...sssssssssssssssssss.............................................................m

[j]
tipo: Jugador
colision: 1

[q]
tipo: Es1
colision: 1

[w]
tipo: Es2
colision: 1

[e]
tipo: Em1
colision: 1

[r]
tipo: Em2
colision: 1

[m]
tipo: Muro
colision: 1

[.]
tipo: Mundo
colision: 0

[s]
tipo: Suelo
colision: 1

[p]
tipo: Puerta
colision: 1

[#]
tipo: Plataforma
colision:1
