[info]
fondo: image_lvl1.png
mapa: ..................................................................................................................mmmmmmmmmmmmmmmmmmmmmmmmmmmmmmmmmmmmmmmmmmmmmmmmmmmmmmmmmmmmmmmmmmmmmmmmmmmmmmmmmmmmmmmmmmmmmmmmmmmmmmmmmmmmmmmmmmmmmmmmmmmmmmmmmmmmmmmmmmmmmmmmmmmmmmmmmmmmmmmmmmmmmmmmmmmmmmmmmmmmmmmmmmmmmmmmmmmmmmmmmmmmmmmmmmmmmmmmmmmmmmmmmmmmmmmmmmmmmmmmmmmmmmmmmmmmmmmmmmmmmmmmmmmmmmmmmm
      ................................................................................................................mm...............................................................................................................................................................................................................................................................................m
      ..............................................................................................................mm.................................................................................................................................................................................................................................................................................m
      ............................................................................................................mm...................................................................................................................................................................................................................................................................................m
      ..........................................................................................................mm...............................................................................................................................................e...............................................................................................e.....................................m
      ........................................................................................................mm..................................................................................##....................................q....................#####.............................................#............................................#######....................................m
      ......................................................................................................mm.....................................q...............................................................#######..........#######..............................................................................................................hh............................................m
      ....................................................................................................mm...................................#######..................................................................................................hhhhhhhhhhhhhhhh.......hhh.....hhh......hhh.........hhhhhhh.....................q.........#########............................................m
      ..................................................................................................mm...............#######..............................................................................q...............................#################################################################################################.....................................p..................m
      ................................................................................................mm................................e...........................................#######....#######....#######.............#####..................................................................................................................................####.......sssssssss..............m
      ..............................................................................................mm...............................########..............................e..................................................................................................................................................................................................mmmmmmmmmmmmm............m
      ............................................................................................mm.....................hh.............................................#######.......................................e................................................................................................................................................................................m
      ..........................................................................................mm.....................####.......................................................................................#####................................................................................................................................................................................m
      ........................................................................................mm.............................................................#######...........................v....###......e.........................................................................................................................................................................................m
      ......................................................................................mm.....................h..........................................................................###..........####........................................................................................................................................................................................m
      ....................................................................................mm....................####...................................................................................................................................................................................................................................................................................m
      ..................................................................................mm.................................hhhhhhhhhhhhhhhhhhhhhhhhhhhhhhhhhhhhhhhhhhhhhhhhhhhhhhhhhhhhhhhhhhhhhhhhhhhhhhhhhhhhhhhhhhhhhhhhhhhhhhhhhhhhhhhhhhhhhhhhhhhhhhhhhhhhhhhhhhhhhhhhhhhhhhhhhhhhhhhhhhhhhhhhhhhhhhhhhhhhhhhhhhhhhhhhhhhhhhhhhhhhhhhhhhhhhhhhhhhhhhhhhhhhhhhhhhhhhhhhhhhhhhhhhhhhhhhhhhhhhhhhhhhhm
      ................................................................................mm.................................hhssssssssssssssssssssssssssssssssssssssssssssssssssssssssssssssssssssssssssssssssssssssssssssssssssssssssssssssssssssssssssssssssssssssssssssssssssssssssssssssssssssssssssssssssssssssssssssssssssssssssssssssssssssssssssssssssssssssssssssssssssssssssssssssssssssssssssssm
      ..............................................................................mm.....................e...........hhss.............................................................................................................................................................................................................................................................................
      ............................................................................mm.....................####........hhss...............................................................................................................................................................................................................................................................................
      ..........................................................................mm.................................hhss.................................................................................................................................................................................................................................................................................
      ........................................................................mm.................................hhss...................................................................................................................................................................................................................................................................................
      ......................................................................mm....................####.........hhss.....................................................................................................................................................................................................................................................................................
      ....................................................................mm.................................hhss.......................................................................................................................................................................................................................................................................................
      ..................................................................mm..................q..............hhss.........................................................................................................................................................................................................................................................................................
      ................................................................mm..................####...........hhss...........................................................................................................................................................................................................................................................................................
      ..............................................................mm.................................hhss.............................................................................................................................................................................................................................................................................................
      ............................................................mm.................................hhss...............................................................................................................................................................................................................................................................................................
      ..........................................................mm................####.............hhss.................................................................................................................................................................................................................................................................................................
      ........................................................mm.................................hhmm...................................................................................................................................................................................................................................................................................................
      ......................................................mm...............q...................ssssssssssssssssssssssssssssssssssssssssssssssssssssssssssssssssssssssssssssssssssssssssssssssssssssssssssssssssssssssssssssssssssssssssssssssssssssssssssssssssssssssssssssssssssssssssssssssssssssssssssssssssssssssssssssssssssssssssssssssssssssssssssssssssssssssssssssssssssssssssssssssssssssssm
      ....................................................mm...............####..................................................................................ssssssssss............................................................................................................................................................................................................................m
      ..................................................mm........................................................................................................ssssssss.................................q...........................................................................................................................................................................................m
      ................................................mm.......................e...................................................................................ssssss..................................##..........................................................................................................................................................................................m
      ..............................................mm..............sssssssssssssssssssss...........................................................................ssss.....................................q........................................................................q...........................................................................##...#####...........................m
      ............................................mm..............ss.....................ss..........................................................................ss......................................##.....................................................................#####........#####.......................q.........####.........hhh..e..hhh..................h.....................m
      ..........................................mm............i.ss.........................ss...................................................................................................................q.........................................................................................................######...............###################.............#####...................m
      ........................................mm..............ss.............................ss.e...............................................................................................................##.....................................................................................................................................................................................m
      ......................................mm......##......ss.................................ss.........hh....hhhh....hh.....e....hhhh.........hhhhh...............q..........................................##.........................................q....................hhhhh....hhhhhhhh.......h..............h.................................................................e.............m
      ......................................mm..............ss...................................ssssssssssssssssssssssssssssssssssssssssssssssssssssssssssssssssssssssssssssssssssssssssssssssssssssssssssssssssssssssssssssssssssss.e......sssssssssssssssssssssssssssssssssssssssssssssssssssssssssssssssss......####..............................................................#####............m
      ........................................mm..............mm...................................................................................................................................................................mmmmmhhhhhhhhmmmmmmmmmmmmmmmmmmmmmmmmmmmmmmmmmmmmmmmmmmmmmmmmmmmmmmmmmmmmmmmmm......................................................................................m
      ..........................................mm..............mm...................................................................................................................................................mmmmmmmmmmmmmmmmmmmmmmmmmmmmmmm............................................................................................................................####...................m
      mmmmmmmmmmmmmmmmmmmmmmmmmmmmmmmmmmmmmmmmmmmmmm.....v........mm..............................................................................mmmmmmmmmmmmmmmmmmmmmmmmmmmmmmmmmmmmmmmmmmmmmmmmmmmmmmmmmmmmmmmmmmmmmm...............................................................................................................................................................................m
      .................................................#####........mm...........mmmmmmmmmmmmmmmmmm.............mmmmmmmmmmmmmmmmmmmmmmmmmmmmmmmmmm.......................................................................................................................................................................................................................q.............................m
      ................................................................mmmmmmmmmmmmm...............mmmmmmmmmmmmmmm...................................................................................................................................................................................................................................................ssssssssss.........................m
      ............................................................................................................................................................................................................................................................................................................................................................mmmmmmmmmmmmmm.......................m
      .................................................................................................................................................................................................................................................................................................................................................................................................m
      ....j...................................e............................................................................................................................................................hhhh.....................q..................e.......hh......................................................................................................................................m
      ...................................q..ssss.......................................................................................................................................................mmmmmmmmmmmmm.......emmmmmmmmmmmmmmmm........mmmmmmm..mmmm.....hhh..............e.........................................................................................sssssssssss...........m
      ...............................sssssssssss...........................................................................m....mh.................hhh.....mmm........mmh........................q.....mmmmmmmmmmmmmmm..mmmmmmmmmm..mmmmmmmmm..mmmmmmmmmmmmmmmmm.mmmmmmmmmmm....mmmmmmmmmmmmmmmmmmmmm.........q...........................................................h....mmmmmmmmmmmmm...........m
      .........................sssssssssssssssss........................................................e.......i.......m.mm...mm..........e.mmmmmmmmmmmmmm.........mmmmm...h....e....hmmmmmmmmmmmmmmmmmmmmmmmmmmmmm....mmmmmmm..mmmmmmmmmmmmm..mmmmmmmmmmmmm..mmmmmmmmmmmmmm..mmmmmmmmmmmmmmmmmmmmmmmmmmmmmmmmmmmmmmm..........e...........................q.........#######..........................m
      ...p.................ssssssssssssssssssssshhhh..........q..........h.......q...................mmmmmmm...mmm..mmmmmmmm...mmmmmmmmmmmmmmmmmmmmmmmmmmm......hhmmmmmmmmmmmmmmmmmmmmmmmmmmmmmmmmmmmmmmmmmmmmmmmm..m....mmmmmmmmmmmmmmmmmmmm.............mmmmmmmmmmmmmmmm..mmmmmmmmmmmmmmmmmmmmmmmmmmmmmmmmmmmmmmmmmmmmmmmmmmmmmmmmssss.......#####.....########......................................m
      ssssssssssssssssssssssssssssssssss..ss....ssssssssssssssssssssss..sss...mmmmmmmmmmmmmm...mmm..mmmmmmmm...mmmmmmmmmmmmm...mmmmmmmmmmmmmmmmmmmmmmmmmmmm.....mmmmmmmmmmmmmmmmmmmmmmmmmmmmmmmmmmmmmmmmmmmmmmmmmm..m..mmmm..mmmmmmmmmmmmmmmmmmmmmmmmmmmmmmmmmmmmmmmmmmmm..mmmmmmmmmmmmmmmmmmmmmmmmmmmmmmmmmmmmmmmmmmmmmmmmmmmmmsssssss...sss..........................................................m

[j]
tipo: Jugador
colision: 1

[v]
tipo: Vida
colision: 1

[i]
tipo: Invul
colision: 1

[q]
tipo: Es1
colision: 1

[w]
tipo: Es2
colision: 1

[e]
tipo: Em1
colision: 1

[r]
tipo: Em2
colision: 1

[h]
tipo: Pinchos
colision:1

[m]
tipo: Muro
colision: 1

[.]
tipo: Mundo
colision: 0

[s]
tipo: Suelo
colision: 1

[p]
tipo: Puerta
colision: 1

[#]
tipo: Plataforma
colision:1
