[info]
fondo: image_lvl1.png
mapa: ...................................................................m
      .............................q.............e.......................m
      .....................e..m....m............###......q.................m
      ....................mmmmmmmmmm...................####....................m
      ..................qm...............................................m
      ........e.........m......q...............#.##...e..................m
      ........mmmmmmmmmm......msm....................##.............................m
      ....j..................msmms..........###........................t..m
      ...p..................smsmsmm.....................e.............p..m
      ssssssssssssssssssssssmmsmmsmssss..ss....ssssssssssssssssssssss.sss.sssss

[j]
tipo: Jugador
colision: 1

[q]
tipo: Es1
colision: 1

[w]
tipo: Es2
colision: 1

[e]
tipo: Em1
colision: 1

[r]
tipo: Em2
colision: 1

[m]
tipo: Muro
colision: 1

[.]
tipo: Mundo
colision: 0

[s]
tipo: Suelo
colision: 1

[t]
tipo: supuerta
colision: 1

[p]
tipo: Puerta
colision: 1

[#]
tipo: Plataforma
colision:1
