[info]
fondo: image_lvl1.png
mapa: ....................................................................m
      ...............................................................p....m
      ................####...####.....e.............................###...m
      ...........##.................###.....................#####.........m
      .....##.............................##...###...#..###...............m
      ....................................................................m
      ..........###................e......................................m
      .....j.....................sssss....................................m
      ....p....................sssssssss..................................m
      ssssssssssssssssssssssssssssssssssss..s..s..sssss...ssss...s....ssssm

[j]
tipo: Jugador
colision: 1

[q]
tipo: Es1
colision: 1

[w]
tipo: Es2
colision: 1

[e]
tipo: Em1
colision: 1

[r]
tipo: Em2
colision: 1

[m]
tipo: Muro
colision: 1

[.]
tipo: Mundo
colision: 0

[s]
tipo: Suelo
colision: 1

[p]
tipo: Puerta
colision: 1

[#]
tipo: Plataforma
colision:1
